running develop
running egg_info
creating my_arm_vision.egg-info
writing my_arm_vision.egg-info/PKG-INFO
writing dependency_links to my_arm_vision.egg-info/dependency_links.txt
writing entry points to my_arm_vision.egg-info/entry_points.txt
writing requirements to my_arm_vision.egg-info/requires.txt
writing top-level names to my_arm_vision.egg-info/top_level.txt
writing manifest file 'my_arm_vision.egg-info/SOURCES.txt'
reading manifest file 'my_arm_vision.egg-info/SOURCES.txt'
writing manifest file 'my_arm_vision.egg-info/SOURCES.txt'
running build_ext
Creating /home/li/Desktop/robot/install/my_arm_vision/lib/python3.12/site-packages/my-arm-vision.egg-link (link to .)
Installing object_detector script to /home/li/Desktop/robot/install/my_arm_vision/lib/my_arm_vision
Installing simple_visual_grasp script to /home/li/Desktop/robot/install/my_arm_vision/lib/my_arm_vision

Installed /home/li/Desktop/robot/build/my_arm_vision
running symlink_data
creating /home/li/Desktop/robot/install/my_arm_vision/share/ament_index
creating /home/li/Desktop/robot/install/my_arm_vision/share/ament_index/resource_index
creating /home/li/Desktop/robot/install/my_arm_vision/share/ament_index/resource_index/packages
symbolically linking /home/li/Desktop/robot/build/my_arm_vision/resource/my_arm_vision -> /home/li/Desktop/robot/install/my_arm_vision/share/ament_index/resource_index/packages
symbolically linking /home/li/Desktop/robot/build/my_arm_vision/package.xml -> /home/li/Desktop/robot/install/my_arm_vision/share/my_arm_vision
