[1.154s] Invoking command in '/home/li/Desktop/robot/build/my_arm_vision': PYTHONPATH=/home/li/Desktop/robot/build/my_arm_vision/prefix_override:/usr/lib/python3/dist-packages/colcon_core/task/python/colcon_distutils_commands:/home/li/Desktop/robot/install/my_arm_vision/lib/python3.12/site-packages:${PYTHONPATH} /usr/bin/python3 -W ignore:setup.py install is deprecated -W ignore:easy_install command is deprecated setup.py develop --editable --build-directory /home/li/Desktop/robot/build/my_arm_vision/build --no-deps symlink_data
[1.582s] running develop
[1.834s] running egg_info
[1.835s] creating my_arm_vision.egg-info
[1.859s] writing my_arm_vision.egg-info/PKG-INFO
[1.859s] writing dependency_links to my_arm_vision.egg-info/dependency_links.txt
[1.859s] writing entry points to my_arm_vision.egg-info/entry_points.txt
[1.859s] writing requirements to my_arm_vision.egg-info/requires.txt
[1.859s] writing top-level names to my_arm_vision.egg-info/top_level.txt
[1.860s] writing manifest file 'my_arm_vision.egg-info/SOURCES.txt'
[1.908s] reading manifest file 'my_arm_vision.egg-info/SOURCES.txt'
[1.909s] writing manifest file 'my_arm_vision.egg-info/SOURCES.txt'
[1.935s] running build_ext
[1.935s] Creating /home/li/Desktop/robot/install/my_arm_vision/lib/python3.12/site-packages/my-arm-vision.egg-link (link to .)
[1.936s] Installing object_detector script to /home/li/Desktop/robot/install/my_arm_vision/lib/my_arm_vision
[1.936s] Installing simple_visual_grasp script to /home/li/Desktop/robot/install/my_arm_vision/lib/my_arm_vision
[1.936s] 
[1.936s] Installed /home/li/Desktop/robot/build/my_arm_vision
[1.937s] running symlink_data
[1.937s] creating /home/li/Desktop/robot/install/my_arm_vision/share/ament_index
[1.937s] creating /home/li/Desktop/robot/install/my_arm_vision/share/ament_index/resource_index
[1.937s] creating /home/li/Desktop/robot/install/my_arm_vision/share/ament_index/resource_index/packages
[1.937s] symbolically linking /home/li/Desktop/robot/build/my_arm_vision/resource/my_arm_vision -> /home/li/Desktop/robot/install/my_arm_vision/share/ament_index/resource_index/packages
[1.937s] symbolically linking /home/li/Desktop/robot/build/my_arm_vision/package.xml -> /home/li/Desktop/robot/install/my_arm_vision/share/my_arm_vision
[2.023s] Invoked command in '/home/li/Desktop/robot/build/my_arm_vision' returned '0': PYTHONPATH=/home/li/Desktop/robot/build/my_arm_vision/prefix_override:/usr/lib/python3/dist-packages/colcon_core/task/python/colcon_distutils_commands:/home/li/Desktop/robot/install/my_arm_vision/lib/python3.12/site-packages:${PYTHONPATH} /usr/bin/python3 -W ignore:setup.py install is deprecated -W ignore:easy_install command is deprecated setup.py develop --editable --build-directory /home/li/Desktop/robot/build/my_arm_vision/build --no-deps symlink_data
